store: postgres schema bench_outage_7d_1791290924778
  30.0s: 25902 tx (863 tx/s), 1649 calls, walks 10, stuck 0
  60.0s: 52254 tx (871 tx/s), 3296 calls, walks 10, stuck 0
  90.0s: 78334 tx (870 tx/s), 4926 calls, walks 10, stuck 0
  120s: 104094 tx (867 tx/s), 6536 calls, walks 10, stuck 0
  150s: 129742 tx (865 tx/s), 8139 calls, walks 10, stuck 0
  180s: 153928 tx (855 tx/s), 9650 calls, walks 10, stuck 0
  210s: 178024 tx (848 tx/s), 11156 calls, walks 10, stuck 0
  240s: 201496 tx (839 tx/s), 12623 calls, walks 10, stuck 0
  270s: 225128 tx (834 tx/s), 14100 calls, walks 10, stuck 0
  300s: 246396 tx (821 tx/s), 15429 calls, walks 10, stuck 0
  330s: 269356 tx (816 tx/s), 16864 calls, walks 10, stuck 0
  360s: 293196 tx (814 tx/s), 18354 calls, walks 10, stuck 0
  390s: 316476 tx (811 tx/s), 19811 calls, walks 10, stuck 0
  420s: 339948 tx (809 tx/s), 21278 calls, walks 10, stuck 0
  450s: 364076 tx (809 tx/s), 22786 calls, walks 10, stuck 0
  480s: 387340 tx (807 tx/s), 24242 calls, walks 10, stuck 0
  510s: 410620 tx (805 tx/s), 25700 calls, walks 10, stuck 0
  540s: 433804 tx (803 tx/s), 27149 calls, walks 10, stuck 0
  570s: 453458 tx (795 tx/s), 28380 calls, walks 10, stuck 0
  600s: 473074 tx (788 tx/s), 29606 calls, walks 10, stuck 0
  630s: 491970 tx (781 tx/s), 30788 calls, walks 10, stuck 0
  660s: 510834 tx (774 tx/s), 31967 calls, walks 10, stuck 0
  690s: 528691 tx (766 tx/s), 33084 calls, walks 10, stuck 0
  720s: 544739 tx (757 tx/s), 34087 calls, walks 10, stuck 0
  750s: 559811 tx (746 tx/s), 35029 calls, walks 10, stuck 0
  780s: 572483 tx (734 tx/s), 35820 calls, walks 10, stuck 0
  810s: 585542 tx (723 tx/s), 36636 calls, walks 10, stuck 0
  840s: 595382 tx (709 tx/s), 37251 calls, walks 10, stuck 0
  870s: 604901 tx (695 tx/s), 37845 calls, walks 10, stuck 0
  900s: 612106 tx (680 tx/s), 38295 calls, walks 10, stuck 0
  930s: 615946 tx (662 tx/s), 38535 calls, walks 10, stuck 0
  960s: 619786 tx (646 tx/s), 38775 calls, walks 10, stuck 0
  990s: 623514 tx (630 tx/s), 39008 calls, walks 10, stuck 0
  1,020s: 627386 tx (615 tx/s), 39250 calls, walks 10, stuck 0
  1,050s: 631034 tx (601 tx/s), 39478 calls, walks 10, stuck 0
  1,080s: 634506 tx (587 tx/s), 39695 calls, walks 10, stuck 0
  1,110s: 638122 tx (575 tx/s), 39921 calls, walks 10, stuck 0
  1,140s: 641914 tx (563 tx/s), 40158 calls, walks 10, stuck 0
  1,170s: 645578 tx (552 tx/s), 40387 calls, walks 10, stuck 0
  1,200s: 649178 tx (541 tx/s), 40612 calls, walks 10, stuck 0
  1,230s: 652698 tx (531 tx/s), 40832 calls, walks 10, stuck 0
  1,260s: 656266 tx (521 tx/s), 41055 calls, walks 10, stuck 0
  1,290s: 660026 tx (512 tx/s), 41290 calls, walks 10, stuck 0
  1,320s: 663546 tx (503 tx/s), 41510 calls, walks 10, stuck 0
  1,350s: 667322 tx (494 tx/s), 41746 calls, walks 10, stuck 0
  1,380s: 671274 tx (486 tx/s), 41993 calls, walks 10, stuck 0
  1,410s: 674922 tx (479 tx/s), 42221 calls, walks 10, stuck 0
  1,440s: 678458 tx (471 tx/s), 42442 calls, walks 10, stuck 0
  1,470s: 682170 tx (464 tx/s), 42674 calls, walks 10, stuck 0
  1,500s: 686266 tx (457 tx/s), 42930 calls, walks 10, stuck 0
  1,530s: 689914 tx (451 tx/s), 43158 calls, walks 10, stuck 0
  1,560s: 693946 tx (445 tx/s), 43410 calls, walks 10, stuck 0
  1,590s: 697850 tx (439 tx/s), 43654 calls, walks 10, stuck 0
  1,620s: 701770 tx (433 tx/s), 43899 calls, walks 10, stuck 0
  1,650s: 705498 tx (428 tx/s), 44132 calls, walks 10, stuck 0
  1,680s: 709370 tx (422 tx/s), 44374 calls, walks 10, stuck 0
outage 7d: 709710 tx in 1,684s → 422 tx/s, 44395 calls (26.4/s), complete 10/10, stuck ranges 0
saved /Users/hs/workplace/hos/ton-tools/packages/ton-watch/bench/results/outage.json
