store: postgres schema bench_outage_49d_1791292609843
  30.0s: 816 tx (27.2 tx/s), 3219 calls, walks 10, stuck 0
  60.0s: 992 tx (16.5 tx/s), 6087 calls, walks 10, stuck 0
  90.0s: 24688 tx (274 tx/s), 13641 calls, walks 10, stuck 0
  120s: 104639 tx (872 tx/s), 19019 calls, walks 10, stuck 0
  150s: 171868 tx (1,145 tx/s), 23634 calls, walks 10, stuck 0
  180s: 255215 tx (1,417 tx/s), 29247 calls, walks 10, stuck 0
  210s: 340911 tx (1,622 tx/s), 34925 calls, walks 10, stuck 0
  240s: 421119 tx (1,753 tx/s), 40244 calls, walks 10, stuck 0
  270s: 508607 tx (1,882 tx/s), 46009 calls, walks 10, stuck 0
  300s: 605439 tx (2,017 tx/s), 52450 calls, walks 10, stuck 0
  330s: 705615 tx (2,137 tx/s), 59078 calls, walks 10, stuck 0
  360s: 802711 tx (2,228 tx/s), 65525 calls, walks 10, stuck 0
  390s: 899207 tx (2,304 tx/s), 71968 calls, walks 10, stuck 0
  420s: 993574 tx (2,364 tx/s), 78224 calls, walks 10, stuck 0
  450s: 1088069 tx (2,416 tx/s), 84492 calls, walks 10, stuck 0
  480s: 1175613 tx (2,448 tx/s), 90332 calls, walks 10, stuck 0
  510s: 1231536 tx (2,413 tx/s), 94076 calls, walks 10, stuck 0
  540s: 1308583 tx (2,422 tx/s), 99131 calls, walks 10, stuck 0
  570s: 1394407 tx (2,445 tx/s), 104755 calls, walks 10, stuck 0
  600s: 1474882 tx (2,457 tx/s), 110044 calls, walks 10, stuck 0
  630s: 1555956 tx (2,469 tx/s), 115356 calls, walks 10, stuck 0
  660s: 1635815 tx (2,477 tx/s), 120603 calls, walks 10, stuck 0
  690s: 1709356 tx (2,476 tx/s), 125459 calls, walks 10, stuck 0
  720s: 1771762 tx (2,459 tx/s), 129656 calls, walks 10, stuck 0
  750s: 1829840 tx (2,438 tx/s), 133568 calls, walks 10, stuck 0
  780s: 1891025 tx (2,423 tx/s), 137681 calls, walks 10, stuck 0
  810s: 1949489 tx (2,405 tx/s), 141594 calls, walks 10, stuck 0
  840s: 2008657 tx (2,390 tx/s), 145549 calls, walks 10, stuck 0
  870s: 2066145 tx (2,374 tx/s), 149366 calls, walks 10, stuck 0
  900s: 2130913 tx (2,367 tx/s), 153660 calls, walks 10, stuck 0
  930s: 2194630 tx (2,359 tx/s), 157890 calls, walks 10, stuck 0
  960s: 2255523 tx (2,348 tx/s), 161954 calls, walks 10, stuck 0
  990s: 2310476 tx (2,333 tx/s), 165616 calls, walks 10, stuck 0
  1,020s: 2368012 tx (2,321 tx/s), 169423 calls, walks 10, stuck 0
  1,050s: 2426476 tx (2,310 tx/s), 173281 calls, walks 10, stuck 0
  1,080s: 2482090 tx (2,297 tx/s), 176973 calls, walks 10, stuck 0
  1,111s: 2507114 tx (2,258 tx/s), 178737 calls, walks 10, stuck 0
  1,141s: 2536449 tx (2,224 tx/s), 180744 calls, walks 10, stuck 0
  1,171s: 2587615 tx (2,211 tx/s), 184113 calls, walks 10, stuck 0
  1,201s: 2641362 tx (2,200 tx/s), 187598 calls, walks 10, stuck 0
  1,231s: 2692066 tx (2,188 tx/s), 190890 calls, walks 10, stuck 0
  1,261s: 2735957 tx (2,170 tx/s), 193776 calls, walks 10, stuck 0
  1,296s: 2737317 tx (2,112 tx/s), 193900 calls, walks 10, stuck 0
  1,326s: 2740117 tx (2,066 tx/s), 194168 calls, walks 10, stuck 0
  1,357s: 2749189 tx (2,027 tx/s), 194929 calls, walks 10, stuck 0
  1,387s: 2761941 tx (1,992 tx/s), 196096 calls, walks 10, stuck 0
  1,417s: 2777013 tx (1,960 tx/s), 197350 calls, walks 10, stuck 0
  1,447s: 2787397 tx (1,927 tx/s), 198326 calls, walks 10, stuck 0
  1,477s: 2798245 tx (1,895 tx/s), 199283 calls, walks 10, stuck 0
  1,507s: 2821555 tx (1,873 tx/s), 200972 calls, walks 10, stuck 0
  1,537s: 2861217 tx (1,862 tx/s), 203623 calls, walks 10, stuck 0
  1,567s: 2895127 tx (1,848 tx/s), 205907 calls, walks 10, stuck 0
  1,597s: 2926967 tx (1,833 tx/s), 208040 calls, walks 10, stuck 0
  1,627s: 2959566 tx (1,819 tx/s), 210223 calls, walks 10, stuck 0
  1,657s: 2989591 tx (1,805 tx/s), 212219 calls, walks 10, stuck 0
  1,687s: 3019543 tx (1,790 tx/s), 214207 calls, walks 10, stuck 0
  1,717s: 3048919 tx (1,776 tx/s), 216154 calls, walks 10, stuck 0
  1,747s: 3077479 tx (1,762 tx/s), 218060 calls, walks 10, stuck 0
  1,777s: 3102999 tx (1,746 tx/s), 219771 calls, walks 10, stuck 0
  1,807s: 3132727 tx (1,734 tx/s), 221726 calls, walks 10, stuck 0
  1,837s: 3161207 tx (1,721 tx/s), 223605 calls, walks 10, stuck 0
  1,867s: 3188596 tx (1,708 tx/s), 225436 calls, walks 10, stuck 0
  1,897s: 3208789 tx (1,692 tx/s), 226802 calls, walks 10, stuck 0
  1,927s: 3225909 tx (1,674 tx/s), 227971 calls, walks 10, stuck 0
  1,957s: 3244837 tx (1,658 tx/s), 229256 calls, walks 10, stuck 0
  1,987s: 3264581 tx (1,643 tx/s), 230584 calls, walks 10, stuck 0
  2,017s: 3283973 tx (1,628 tx/s), 231925 calls, walks 10, stuck 0
  2,047s: 3301077 tx (1,613 tx/s), 233116 calls, walks 10, stuck 0
  2,077s: 3320117 tx (1,599 tx/s), 234433 calls, walks 10, stuck 0
  2,107s: 3338725 tx (1,585 tx/s), 235712 calls, walks 10, stuck 0
  2,137s: 3356821 tx (1,571 tx/s), 236960 calls, walks 10, stuck 0
  2,167s: 3375013 tx (1,558 tx/s), 238214 calls, walks 10, stuck 0
  2,197s: 3393397 tx (1,545 tx/s), 239472 calls, walks 10, stuck 0
  2,227s: 3412501 tx (1,532 tx/s), 240764 calls, walks 10, stuck 0
  2,257s: 3433013 tx (1,521 tx/s), 242155 calls, walks 10, stuck 0
  2,287s: 3452853 tx (1,510 tx/s), 243481 calls, walks 10, stuck 0
  2,317s: 3471701 tx (1,498 tx/s), 244749 calls, walks 10, stuck 0
  2,347s: 3491941 tx (1,488 tx/s), 246108 calls, walks 10, stuck 0
  2,377s: 3512485 tx (1,478 tx/s), 247492 calls, walks 10, stuck 0
  2,407s: 3533445 tx (1,468 tx/s), 248911 calls, walks 10, stuck 0
  2,437s: 3552755 tx (1,458 tx/s), 250255 calls, walks 10, stuck 0
  2,467s: 3570835 tx (1,448 tx/s), 251521 calls, walks 10, stuck 0
  2,497s: 3588515 tx (1,437 tx/s), 252738 calls, walks 10, stuck 0
  2,527s: 3605926 tx (1,427 tx/s), 253930 calls, walks 10, stuck 0
  2,557s: 3620844 tx (1,416 tx/s), 254941 calls, walks 10, stuck 0
  2,587s: 3633196 tx (1,404 tx/s), 255714 calls, walks 10, stuck 0
  2,617s: 3645772 tx (1,393 tx/s), 256525 calls, walks 10, stuck 0
  2,647s: 3658284 tx (1,382 tx/s), 257307 calls, walks 10, stuck 0
  2,677s: 3670492 tx (1,371 tx/s), 258098 calls, walks 10, stuck 0
  2,707s: 3683404 tx (1,361 tx/s), 258905 calls, walks 10, stuck 0
  2,737s: 3696140 tx (1,350 tx/s), 259701 calls, walks 10, stuck 0
  2,767s: 3708956 tx (1,340 tx/s), 260502 calls, walks 10, stuck 0
  2,797s: 3722412 tx (1,331 tx/s), 261357 calls, walks 10, stuck 0
  2,827s: 3735836 tx (1,322 tx/s), 262209 calls, walks 10, stuck 0
  2,857s: 3749260 tx (1,312 tx/s), 263061 calls, walks 10, stuck 0
  2,887s: 3763052 tx (1,303 tx/s), 263923 calls, walks 10, stuck 0
  2,917s: 3777068 tx (1,295 tx/s), 264799 calls, walks 10, stuck 0
  2,947s: 3791004 tx (1,286 tx/s), 265684 calls, walks 10, stuck 0
  2,977s: 3804076 tx (1,278 tx/s), 266501 calls, walks 10, stuck 0
  3,007s: 3816556 tx (1,269 tx/s), 267296 calls, walks 10, stuck 0
  3,037s: 3830044 tx (1,261 tx/s), 268139 calls, walks 10, stuck 0
  3,067s: 3843484 tx (1,253 tx/s), 268979 calls, walks 10, stuck 0
  3,097s: 3854289 tx (1,245 tx/s), 269666 calls, walks 10, stuck 0
  3,127s: 3862369 tx (1,235 tx/s), 270170 calls, walks 10, stuck 0
  3,157s: 3869233 tx (1,226 tx/s), 270599 calls, walks 10, stuck 0
  3,187s: 3876145 tx (1,216 tx/s), 271031 calls, walks 10, stuck 0
  3,217s: 3882913 tx (1,207 tx/s), 271454 calls, walks 10, stuck 0
  3,247s: 3887738 tx (1,197 tx/s), 271785 calls, walks 10, stuck 0
  3,277s: 3891466 tx (1,188 tx/s), 272030 calls, walks 10, stuck 0
  3,307s: 3895354 tx (1,178 tx/s), 272285 calls, walks 10, stuck 0
  3,337s: 3898922 tx (1,168 tx/s), 272508 calls, walks 10, stuck 0
  3,367s: 3901002 tx (1,159 tx/s), 272659 calls, walks 10, stuck 0
  3,397s: 3903818 tx (1,149 tx/s), 272860 calls, walks 10, stuck 0
  3,427s: 3906096 tx (1,140 tx/s), 273005 calls, walks 10, stuck 0
outage 49d: 3906096 tx in 3,428s → 1,139 tx/s, 273013 calls (79.6/s), complete 0/10, stuck ranges 10
saved /Users/hs/workplace/hos/ton-tools/packages/ton-watch/bench/results/outage.json
